2026-04-03T10:39:23.325Z - Redis Error: 
2026-04-03T10:39:23.382Z - Redis Error: 
2026-04-03T10:39:23.486Z - Redis Error: 
2026-04-03T10:39:23.643Z - Redis Error: 
2026-04-03T10:39:23.846Z - Redis Error: 
2026-04-03T10:39:24.099Z - Redis Error: 
2026-04-03T10:39:24.401Z - Redis Error: 
2026-04-03T10:39:24.754Z - Redis Error: 
2026-04-03T10:39:25.158Z - Redis Error: 
2026-04-03T10:39:25.611Z - Redis Error: 
2026-04-03T10:39:26.113Z - Redis Error: 
2026-04-03T10:39:26.666Z - Redis Error: 
2026-04-03T10:39:27.268Z - Redis Error: 
2026-04-03T10:39:27.920Z - Redis Error: 
2026-04-03T10:39:28.622Z - Redis Error: 
2026-04-03T10:39:29.375Z - Redis Error: 
2026-04-03T10:39:30.177Z - Redis Error: 
2026-04-03T10:39:31.029Z - Redis Error: 
2026-04-03T10:39:31.933Z - Redis Error: 
2026-04-03T10:39:32.886Z - Redis Error: 
2026-04-03T10:39:33.890Z - Redis Error: 
2026-04-03T10:39:34.944Z - Redis Error: 
2026-04-03T10:39:36.046Z - Redis Error: 
2026-04-03T10:39:37.199Z - Redis Error: 
2026-04-03T10:39:38.403Z - Redis Error: 
2026-04-03T10:39:39.655Z - Redis Error: 
2026-04-03T10:39:40.958Z - Redis Error: 
2026-04-03T10:39:42.311Z - Redis Error: 
2026-04-03T10:39:43.715Z - Redis Error: 
2026-04-03T10:39:45.168Z - Redis Error: 
2026-04-03T10:39:46.672Z - Redis Error: 
2026-04-03T10:39:48.228Z - Redis Error: 
2026-04-03T10:39:49.832Z - Redis Error: 
2026-04-03T10:39:51.486Z - Redis Error: 
2026-04-03T10:39:53.188Z - Redis Error: 
2026-04-03T10:39:54.946Z - Redis Error: 
2026-04-03T10:39:56.748Z - Redis Error: 
